Microchip MPLAB XC8 Compiler V2.05 ()

Linker command line:

-W-3 --edf=C:\Program Files (x86)\Microchip\xc8\v2.05\pic\dat\en_msgs.txt \
  -cs -h+dist/default/production\12-05-19.X.production.sym \
  --cmf=dist/default/production\12-05-19.X.production.cmf -z -Q18F46K22 \
  -oC:\Users\Siva\AppData\Local\Temp\s2t4.2 --defsym=__MPLAB_BUILD=1 \
  -Mdist/default/production/12-05-19.X.production.map -E1 -ver=XC8 \
  --acfsm=1493 -ASTACK=03FFh-0F37h -pstack=STACK -ACODE=00h-0FFFFh \
  -ACONST=00h-0FFFFh -ASMALLCONST=01000h-010FFhx240 \
  -AMEDIUMCONST=01000h-0FFFFh -ACOMRAM=01h-05Fh -AABS1=00h-0F37h \
  -ABIGRAM=01h-0F37h -ARAM=060h-0FFh,0100h-01FFhx14,0F00h-0F37h \
  -ABANK0=060h-0FFh -ABANK1=0100h-01FFh -ABANK2=0200h-02FFh \
  -ABANK3=0300h-03FFh -ABANK4=0400h-04FFh -ABANK5=0500h-05FFh \
  -ABANK6=0600h-06FFh -ABANK7=0700h-07FFh -ABANK8=0800h-08FFh \
  -ABANK9=0900h-09FFh -ABANK10=0A00h-0AFFh -ABANK11=0B00h-0BFFh \
  -ABANK12=0C00h-0CFFh -ABANK13=0D00h-0DFFh -ABANK14=0E00h-0EFFh \
  -ABANK15=0F00h-0F37h -ASFR=0F38h-0F5Fh,0F60h-0FFFh \
  -preset_vec=00h,intcode=08h,intcodelo,powerup,init -pramtop=01000h \
  -psmallconst=SMALLCONST -pmediumconst=MEDIUMCONST -pconst=CONST \
  -AFARRAM=00h-00h -ACONFIG=0300000h-030000Dh -pconfig=CONFIG \
  -AIDLOC=0200000h-0200007h -pidloc=IDLOC -AEEDATA=0F00000h-0F003FFh \
  -peeprom_data=EEDATA \
  -prdata=COMRAM,nvrram=COMRAM,nvbit=COMRAM,rbss=COMRAM,rbit=COMRAM \
  -pfarbss=FARRAM,fardata=FARRAM,nvFARRAM=FARRAM \
  -pintsave_regs=BIGRAM,bigbss=BIGRAM,bigdata=BIGRAM -pbss=RAM \
  -pidata=CODE,irdata=CODE,ibigdata=CODE,ifardata=CODE -prparam=COMRAM \
  C:\Users\Siva\AppData\Local\Temp\s2t4.o \
  dist/default/production\12-05-19.X.production.o 

Object code version is 3.11

Machine type is 18F46K22

Call graph: (short form)




                Name                               Link     Load   Length Selector   Space Scale
C:\Users\Siva\AppData\Local\Temp\s2t4.o
                init                                 A2       A2        4        4       0
                reset_vec                             0        0        4        0       0
                idloc                            200000   200000        8   200000       0
                config                           300000   300000        E   300000       0
dist/default/production\12-05-19.X.production.o
                intcode                               8        8       9A        4       0
                temp                                 57       57        1        1       1
                mediumconst                        FE46     FE46      1BA     7F23       0
                text30                             257E     257E       3E        4       0
                text29                             270E     270E        C        4       0
                text28                             2498     2498       56        4       0
                text27                             2702     2702        C        4       0
                text26                             26DC     26DC       26        4       0
                text25                             1CC8     1CC8      132        4       0
                text24                             26B6     26B6       26        4       0
                text23                             265C     265C       30        4       0
                text22                             2540     2540       3E        4       0
                text21                             1B88     1B88      140        4       0
                text20                             1A40     1A40      148        4       0
                text19                             1DFA     1DFA      124        4       0
                text18                             262A     262A       32        4       0
                text17                             271A     271A        2        4       0
                text16                             1FEA     1FEA       A0        4       0
                text15                             25BC     25BC       38        4       0
                text14                             268C     268C       2A        4       0
                text13                             21B6     21B6       96        4       0
                text12                             17FC     17FC      244        4       0
                text11                             1524     1524      2D8        4       0
                text10                             2442     2442       56        4       0
                text9                              24EE     24EE       52        4       0
                text8                                A6       A6      FFE        4       0
                text7                              235E     235E       7C        4       0
                text6                              22DE     22DE       80        4       0
                text5                              10A4     10A4      480        4       0
                text4                              224C     224C       92        4       0
                text3                              1F1E     1F1E       CC        4       0
                text2                              2120     2120       96        4       0
                text1                              208A     208A       96        4       0
                text0                              25F4     25F4       36        4       0
                cstackCOMRAM                          1        1       51        1       1
                cstackBANK0                          A5       A5       22       60       1
                cstackBANK1                         100      100       3C      100       1
                bssBANK3                            300      300       FF      300       1
                bssBANK2                            200      200       FF      200       1
                bssBANK1                            13C      13C       2A      100       1
                bssBANK0                             60       60       45       60       1
                dataCOMRAM                           56       56        1        1       1
                bssCOMRAM                            52       52        4        1       1
                cinit                              23DA     23DA       68        4       0
                nvBANK0                              C7       C7        1       60       1
                idataCOMRAM                        271C     271C        1        4       0

TOTAL           Name                               Link     Load   Length     Space
        CLASS   STACK          

        CLASS   CODE           
                intcode                               8        8       9A         0
                init                                 A2       A2        4         0
                reset_vec                             0        0        4         0
                text30                             257E     257E       3E         0
                text29                             270E     270E        C         0
                text28                             2498     2498       56         0
                text27                             2702     2702        C         0
                text26                             26DC     26DC       26         0
                text25                             1CC8     1CC8      132         0
                text24                             26B6     26B6       26         0
                text23                             265C     265C       30         0
                text22                             2540     2540       3E         0
                text21                             1B88     1B88      140         0
                text20                             1A40     1A40      148         0
                text19                             1DFA     1DFA      124         0
                text18                             262A     262A       32         0
                text17                             271A     271A        2         0
                text16                             1FEA     1FEA       A0         0
                text15                             25BC     25BC       38         0
                text14                             268C     268C       2A         0
                text13                             21B6     21B6       96         0
                text12                             17FC     17FC      244         0
                text11                             1524     1524      2D8         0
                text10                             2442     2442       56         0
                text9                              24EE     24EE       52         0
                text8                                A6       A6      FFE         0
                text7                              235E     235E       7C         0
                text6                              22DE     22DE       80         0
                text5                              10A4     10A4      480         0
                text4                              224C     224C       92         0
                text3                              1F1E     1F1E       CC         0
                text2                              2120     2120       96         0
                text1                              208A     208A       96         0
                text0                              25F4     25F4       36         0
                cinit                              23DA     23DA       68         0
                idataCOMRAM                        271C     271C        1         0

        CLASS   CONST          

        CLASS   SMALLCONST     

        CLASS   MEDIUMCONST    
                mediumconst                        FE46     FE46      1BA         0

        CLASS   COMRAM         
                temp                                 57       57        1         1
                cstackCOMRAM                          1        1       51         1
                dataCOMRAM                           56       56        1         1
                bssCOMRAM                            52       52        4         1

        CLASS   ABS1           

        CLASS   BIGRAM         

        CLASS   RAM            

        CLASS   BANK0          
                cstackBANK0                          A5       A5       22         1
                bssBANK0                             60       60       45         1
                nvBANK0                              C7       C7        1         1

        CLASS   BANK1          
                cstackBANK1                         100      100       3C         1
                bssBANK1                            13C      13C       2A         1

        CLASS   BANK2          
                bssBANK2                            200      200       FF         1

        CLASS   BANK3          
                bssBANK3                            300      300       FF         1

        CLASS   BANK4          

        CLASS   BANK5          

        CLASS   BANK6          

        CLASS   BANK7          

        CLASS   BANK8          

        CLASS   BANK9          

        CLASS   BANK10         

        CLASS   BANK11         

        CLASS   BANK12         

        CLASS   BANK13         

        CLASS   BANK14         

        CLASS   BANK15         

        CLASS   SFR            

        CLASS   FARRAM         

        CLASS   CONFIG         
                config                           300000   300000        E         0

        CLASS   IDLOC          
                idloc                            200000   200000        8         0

        CLASS   EEDATA         



SEGMENTS        Name                           Load    Length   Top    Selector   Space  Class

                reset_vec                      000000  000004  000004         0       0  CODE    
                cstackCOMRAM                   000001  000057  000058         1       1  COMRAM  
                intcode                        000008  002715  00271D         4       0  CODE    
                bssBANK0                       000060  000068  0000C8        60       1  BANK0   
                cstackBANK1                    000100  000066  000166       100       1  BANK1   
                bssBANK2                       000200  0000FF  0002FF       200       1  BANK2   
                bssBANK3                       000300  0000FF  0003FF       300       1  BANK3   
                mediumconst                    00FE46  0001BA  010000      7F23       0  MEDIUMCO
                idloc                          200000  000008  200008    200000       0  IDLOC   
                config                         300000  00000E  30000E    300000       0  CONFIG  


UNUSED ADDRESS RANGES

        Name                Unused          Largest block    Delta
        BANK0            0000C8-0000FF               38
        BANK1            000166-0001FF               9A
        BANK10           000A00-000AFF              100
        BANK11           000B00-000BFF              100
        BANK12           000C00-000CFF              100
        BANK13           000D00-000DFF              100
        BANK14           000E00-000EFF              100
        BANK15           000F00-000F37               38
        BANK2            0002FF-0002FF                1
        BANK3            0003FF-0003FF                1
        BANK4            000400-0004FF              100
        BANK5            000500-0005FF              100
        BANK6            000600-0006FF              100
        BANK7            000700-0007FF              100
        BANK8            000800-0008FF              100
        BANK9            000900-0009FF              100
        BIGRAM           000058-00005F                8
                         0000C8-0000FF               38
                         000166-0001FF               9A
                         0002FF-0002FF                1
                         0003FF-000F37              B39
        CODE             000004-000007                4
                         00271D-00FE45             D729
        COMRAM           000058-00005F                8
        CONST            000004-000007                4
                         00271D-00FE45             D729
        EEDATA           F00000-F003FF              400
        MEDIUMCONST      00271D-00FE45             D729
        RAM              0000C8-0000FF               38
                         000166-0001FF               9A
                         0002FF-0002FF                1
                         0003FF-000F37              100
        SFR              000F38-000FFF               28
        SMALLCONST       00271D-00FE45              100
        STACK            0003FF-000F37              B39

                                  Symbol Table

?___aldiv                    cstackCOMRAM 000005
?___aodiv                    cstackCOMRAM 000005
?___aomod                    cstackCOMRAM 000005
?___wmul                     cstackCOMRAM 000005
?_abs                        cstackCOMRAM 000017
?_atoi                       cstackCOMRAM 00000C
?_dtoa                       cstackCOMRAM 000020
?_isdigit                    cstackCOMRAM 000005
?_isspace                    cstackCOMRAM 000005
?_pad                        cstackCOMRAM 000015
?_sprintf                    cstackBANK0  0000B7
?_strlen                     cstackCOMRAM 000005
?_vfpfcnvrt                  cstackCOMRAM 000044
?_vfprintf                   cstackBANK0  0000B1
EEPROM_PutChar@eepromAddress cstackCOMRAM 000005
EEPROM_PutChar@eepromData    cstackCOMRAM 000007
EEPROM_PutChar@gie_Status    cstackCOMRAM 000008
ISR@c                        cstackCOMRAM 000004
MSG_check@a                  cstackBANK1  000130
MSG_check@a_935              cstackBANK1  000132
MSG_check@a_943              cstackBANK1  000118
MSG_check@a_947              cstackBANK1  00011A
MSG_check@a_950              cstackBANK1  00011C
MSG_check@a_952              cstackBANK1  00010C
MSG_check@a_965              cstackBANK1  000120
MSG_check@a_976              cstackBANK1  000126
MSG_check@a_999              cstackBANK1  000116
MSG_check@b                  cstackBANK1  000134
MSG_check@b_957              cstackBANK1  00011E
MSG_check@b_967              cstackBANK1  00010E
MSG_check@b_970              cstackBANK1  000122
MSG_check@b_974              cstackBANK1  000124
MSG_check@b_978              cstackBANK1  000110
MSG_check@b_981              cstackBANK1  000128
MSG_check@b_986              cstackBANK1  00012A
MSG_check@b_988              cstackBANK1  000112
MSG_check@b_991              cstackBANK1  00012C
MSG_check@b_996              cstackBANK1  00012E
MSG_check@b_998              cstackBANK1  000114
MSG_check@flag               cstackBANK1  000139
MSG_check@i                  cstackBANK1  000138
MSG_check@i_939              cstackBANK1  000136
MSG_check@i_940              cstackBANK1  00010A
MSG_check@i_954              cstackBANK1  00013A
MSG_check@temp               cstackBANK1  000100
SIM_Ready_Check@i            cstackCOMRAM 000012
UART1PutChar@data            cstackCOMRAM 000005
UART1PutString@i             cstackCOMRAM 00000C
UART1PutString@lenth         cstackCOMRAM 000008
UART1PutString@text          cstackCOMRAM 000006
UART1_Init@baudrate          cstackCOMRAM 000013
UART1_Init@x                 cstackCOMRAM 00001B
UART2_Init@baudrate          cstackCOMRAM 000013
UART2_Init@x                 cstackCOMRAM 00001B
UART2_PutChar@data           cstackCOMRAM 000005
_ANSELA                      (abs)        000F38
_ANSELB                      (abs)        000F39
_ANSELC                      (abs)        000F3A
_ANSELD                      (abs)        000F3B
_BAUDCON1bits                (abs)        000FB8
_BAUDCON2bits                (abs)        000F70
_EEADR                       (abs)        000FA9
_EEADRH                      (abs)        000FAA
_EECON2                      (abs)        000FA7
_EEDATA                      (abs)        000FA8
_EEPGD                       (abs)        007D37
_EEPROM_PutChar              text30       00257E
_GIE                         (abs)        007F97
_IMEI                        bssBANK0     000074
_INT0IF_flag                 bssBANK0     0000A4
_INTCON2bits                 (abs)        000FF1
_INTCONbits                  (abs)        000FF2
_INTEDG0                     (abs)        007F8E
_ISR                         intcode      000008
_LATA0                       (abs)        007C48
_LATA2                       (abs)        007C4A
_LATC4                       (abs)        007C5C
_MOB_No                      bssBANK0     000085
_MSG_check                   text8        0000A6
_Modem_install               text5        0010A4
_OSCCONbits                  (abs)        000FD3
_OSCTUNEbits                 (abs)        000F9B
_PIE1bits                    (abs)        000F9D
_PIE5bits                    (abs)        000F7D
_RC1IF                       (abs)        007CF5
_RC2IF                       (abs)        007D25
_RCREG1bits                  (abs)        000FAE
_RCSTA1bits                  (abs)        000FAB
_RCSTA2bits                  (abs)        000F71
_RD                          (abs)        007D30
_Reset_count                 bssCOMRAM    000054
_SIM_Name                    bssBANK0     000060
_SIM_Ready_Check             text7        00235E
_SIM_Ready_Check_bit_count   bssBANK0     0000A0
_SPBRG1                      (abs)        000FAF
_SPBRG2                      (abs)        000F75
_SPBRGH1                     (abs)        000FB0
_SPBRGH2                     (abs)        000F76
_SYS_Initialize              text4        00224C
_Server_TMR                  bssBANK0     00009A
_Server_TMR_Bit              nvBANK0      0000C7
_Server_sent                 bssBANK0     0000A2
_T4CONbits                   (abs)        000F51
_TMR2                        (abs)        000FBC
_TMR4                        (abs)        000F53
_TMR4IF                      (abs)        007BF0
_TRISA2                      (abs)        007C92
_TRISBbits                   (abs)        000F93
_TRISC4                      (abs)        007CA4
_TRISC6                      (abs)        007CA6
_TRISC7                      (abs)        007CA7
_TRISD6                      (abs)        007CAE
_TRISD7                      (abs)        007CAF
_TX1IF                       (abs)        007CF4
_TX2IF                       (abs)        007D24
_TXREG1                      (abs)        000FAD
_TXREG2                      (abs)        000F73
_TXSTA1bits                  (abs)        000FAC
_TXSTA2bits                  (abs)        000F72
_Timer_count                 bssBANK0     00009E
_Timer_count_flag            bssBANK0     00009C
_UART1PutChar                text29       00270E
_UART1PutString              text28       002498
_UART1_Init                  text2        002120
_UART1_Init$1861             cstackCOMRAM 000017
_UART2_Init                  text1        00208A
_UART2_Init$1862             cstackCOMRAM 000017
_UART2_PutChar               text27       002702
_WR                          (abs)        007D31
_WREN                        (abs)        007D32
__CFG_BOREN$SBORDIS          (abs)        000000
__CFG_BORV$190               (abs)        000000
__CFG_CCP2MX$PORTC1          (abs)        000000
__CFG_CCP3MX$PORTB5          (abs)        000000
__CFG_CP0$ON                 (abs)        000000
__CFG_CP1$ON                 (abs)        000000
__CFG_CP2$ON                 (abs)        000000
__CFG_CP3$ON                 (abs)        000000
__CFG_CPB$ON                 (abs)        000000
__CFG_CPD$OFF                (abs)        000000
__CFG_EBTR0$OFF              (abs)        000000
__CFG_EBTR1$OFF              (abs)        000000
__CFG_EBTR2$OFF              (abs)        000000
__CFG_EBTR3$OFF              (abs)        000000
__CFG_EBTRB$OFF              (abs)        000000
__CFG_FCMEN$OFF              (abs)        000000
__CFG_FOSC$INTIO67           (abs)        000000
__CFG_HFOFST$ON              (abs)        000000
__CFG_IESO$OFF               (abs)        000000
__CFG_LVP$ON                 (abs)        000000
__CFG_MCLRE$EXTMCLR          (abs)        000000
__CFG_P2BMX$PORTD2           (abs)        000000
__CFG_PBADEN$ON              (abs)        000000
__CFG_PLLCFG$OFF             (abs)        000000
__CFG_PRICLKEN$ON            (abs)        000000
__CFG_PWRTEN$OFF             (abs)        000000
__CFG_STVREN$ON              (abs)        000000
__CFG_T3CMX$PORTC0           (abs)        000000
__CFG_WDTEN$OFF              (abs)        000000
__CFG_WDTPS$32768            (abs)        000000
__CFG_WRT0$OFF               (abs)        000000
__CFG_WRT1$OFF               (abs)        000000
__CFG_WRT2$OFF               (abs)        000000
__CFG_WRT3$OFF               (abs)        000000
__CFG_WRTB$OFF               (abs)        000000
__CFG_WRTC$OFF               (abs)        000000
__CFG_WRTD$OFF               (abs)        000000
__CFG_XINST$OFF              (abs)        000000
__HRAM                       (abs)        000000
__Habs1                      abs1         000000
__Hbank0                     bank0        000000
__Hbank1                     bank1        000000
__Hbank10                    bank10       000000
__Hbank11                    bank11       000000
__Hbank12                    bank12       000000
__Hbank13                    bank13       000000
__Hbank14                    bank14       000000
__Hbank15                    bank15       000000
__Hbank2                     bank2        000000
__Hbank3                     bank3        000000
__Hbank4                     bank4        000000
__Hbank5                     bank5        000000
__Hbank6                     bank6        000000
__Hbank7                     bank7        000000
__Hbank8                     bank8        000000
__Hbank9                     bank9        000000
__Hbigbss                    bigbss       000000
__Hbigdata                   bigdata      000000
__Hbigram                    bigram       000000
__Hbss                       bss          000000
__HbssBANK0                  bssBANK0     000000
__HbssBANK1                  bssBANK1     000000
__HbssBANK2                  bssBANK2     000000
__HbssBANK3                  bssBANK3     000000
__HbssCOMRAM                 bssCOMRAM    000000
__Hcinit                     cinit        000000
__Hclrtext                   clrtext      000000
__Hcomram                    comram       000000
__Hconfig                    config       30000E
__Hconst                     const        000000
__HcstackBANK0               cstackBANK0  000000
__HcstackBANK1               cstackBANK1  000000
__HcstackCOMRAM              cstackCOMRAM 000000
__Hdata                      data         000000
__HdataCOMRAM                dataCOMRAM   000000
__Heeprom_data               eeprom_data  000000
__Hfarbss                    farbss       000000
__Hfardata                   fardata      000000
__Hibigdata                  ibigdata     000000
__Hidata                     idata        000000
__HidataCOMRAM               idataCOMRAM  000000
__Hidloc                     idloc        200008
__Hifardata                  ifardata     000000
__Hinit                      init         0000A6
__Hintcode                   intcode      0000A2
__Hintcode_body              intcode_body 000000
__Hintcodelo                 intcodelo    0000A2
__Hintentry                  intentry     000000
__Hintret                    intret       000000
__Hintsave_regs              intsave_regs 000000
__Hirdata                    irdata       000000
__Hmediumconst               mediumconst  010000
__HnvBANK0                   nvBANK0      000000
__HnvFARRAM                  nvFARRAM     000000
__Hnvbit                     nvbit        000000
__Hnvrram                    nvrram       000000
__Hparam                     rparam       000000
__Hpowerup                   powerup      0000A2
__Hram                       ram          000000
__Hramtop                    ramtop       001000
__Hrbit                      rbit         000000
__Hrbss                      rbss         000000
__Hrdata                     rdata        000000
__Hreset_vec                 reset_vec    000004
__Hrparam                    rparam       000000
__Hsfr                       sfr          000000
__Hsmallconst                smallconst   000000
__Hspace_0                   (abs)        30000E
__Hspace_1                   (abs)        0003FF
__Hspace_2                   (abs)        000000
__Hstack                     stack        000000
__Hstruct                    struct       000000
__Htemp                      temp         000058
__Htext                      text         000000
__Htext0                     text0        000000
__Htext1                     text1        000000
__Htext10                    text10       000000
__Htext11                    text11       000000
__Htext12                    text12       000000
__Htext13                    text13       000000
__Htext14                    text14       000000
__Htext15                    text15       000000
__Htext16                    text16       000000
__Htext17                    text17       000000
__Htext18                    text18       000000
__Htext19                    text19       000000
__Htext2                     text2        000000
__Htext20                    text20       000000
__Htext21                    text21       000000
__Htext22                    text22       000000
__Htext23                    text23       000000
__Htext24                    text24       000000
__Htext25                    text25       000000
__Htext26                    text26       000000
__Htext27                    text27       000000
__Htext28                    text28       000000
__Htext29                    text29       000000
__Htext3                     text3        000000
__Htext30                    text30       000000
__Htext4                     text4        000000
__Htext5                     text5        000000
__Htext6                     text6        000000
__Htext7                     text7        000000
__Htext8                     text8        000000
__Htext9                     text9        000000
__LRAM                       (abs)        000001
__Labs1                      abs1         000000
__Lbank0                     bank0        000000
__Lbank1                     bank1        000000
__Lbank10                    bank10       000000
__Lbank11                    bank11       000000
__Lbank12                    bank12       000000
__Lbank13                    bank13       000000
__Lbank14                    bank14       000000
__Lbank15                    bank15       000000
__Lbank2                     bank2        000000
__Lbank3                     bank3        000000
__Lbank4                     bank4        000000
__Lbank5                     bank5        000000
__Lbank6                     bank6        000000
__Lbank7                     bank7        000000
__Lbank8                     bank8        000000
__Lbank9                     bank9        000000
__Lbigbss                    bigbss       000000
__Lbigdata                   bigdata      000000
__Lbigram                    bigram       000000
__Lbss                       bss          000000
__LbssBANK0                  bssBANK0     000000
__LbssBANK1                  bssBANK1     000000
__LbssBANK2                  bssBANK2     000000
__LbssBANK3                  bssBANK3     000000
__LbssCOMRAM                 bssCOMRAM    000000
__Lcinit                     cinit        000000
__Lclrtext                   clrtext      000000
__Lcomram                    comram       000000
__Lconfig                    config       300000
__Lconst                     const        000000
__LcstackBANK0               cstackBANK0  000000
__LcstackBANK1               cstackBANK1  000000
__LcstackCOMRAM              cstackCOMRAM 000000
__Ldata                      data         000000
__LdataCOMRAM                dataCOMRAM   000000
__Leeprom_data               eeprom_data  000000
__Lfarbss                    farbss       000000
__Lfardata                   fardata      000000
__Libigdata                  ibigdata     000000
__Lidata                     idata        000000
__LidataCOMRAM               idataCOMRAM  000000
__Lidloc                     idloc        200000
__Lifardata                  ifardata     000000
__Linit                      init         0000A2
__Lintcode                   intcode      000008
__Lintcode_body              intcode_body 000000
__Lintcodelo                 intcodelo    0000A2
__Lintentry                  intentry     000000
__Lintret                    intret       000000
__Lintsave_regs              intsave_regs 000000
__Lirdata                    irdata       000000
__Lmediumconst               mediumconst  00FE46
__LnvBANK0                   nvBANK0      000000
__LnvFARRAM                  nvFARRAM     000000
__Lnvbit                     nvbit        000000
__Lnvrram                    nvrram       000000
__Lparam                     rparam       000000
__Lpowerup                   powerup      0000A2
__Lram                       ram          000000
__Lramtop                    ramtop       001000
__Lrbit                      rbit         000000
__Lrbss                      rbss         000000
__Lrdata                     rdata        000000
__Lreset_vec                 reset_vec    000000
__Lrparam                    rparam       000000
__Lsfr                       sfr          000000
__Lsmallconst                smallconst   000000
__Lspace_0                   (abs)        000000
__Lspace_1                   (abs)        000000
__Lspace_2                   (abs)        000000
__Lstack                     stack        000000
__Lstruct                    struct       000000
__Ltemp                      temp         000057
__Ltext                      text         000000
__Ltext0                     text0        000000
__Ltext1                     text1        000000
__Ltext10                    text10       000000
__Ltext11                    text11       000000
__Ltext12                    text12       000000
__Ltext13                    text13       000000
__Ltext14                    text14       000000
__Ltext15                    text15       000000
__Ltext16                    text16       000000
__Ltext17                    text17       000000
__Ltext18                    text18       000000
__Ltext19                    text19       000000
__Ltext2                     text2        000000
__Ltext20                    text20       000000
__Ltext21                    text21       000000
__Ltext22                    text22       000000
__Ltext23                    text23       000000
__Ltext24                    text24       000000
__Ltext25                    text25       000000
__Ltext26                    text26       000000
__Ltext27                    text27       000000
__Ltext28                    text28       000000
__Ltext29                    text29       000000
__Ltext3                     text3        000000
__Ltext30                    text30       000000
__Ltext4                     text4        000000
__Ltext5                     text5        000000
__Ltext6                     text6        000000
__Ltext7                     text7        000000
__Ltext8                     text8        000000
__Ltext9                     text9        000000
__S0                         (abs)        30000E
__S1                         (abs)        0003FF
__S2                         (abs)        000000
___aldiv                     text3        001F1E
___aldiv@counter             cstackCOMRAM 00000D
___aldiv@dividend            cstackCOMRAM 000005
___aldiv@divisor             cstackCOMRAM 000009
___aldiv@quotient            cstackCOMRAM 00000F
___aldiv@sign                cstackCOMRAM 00000E
___aodiv                     text20       001A40
___aodiv@counter             cstackCOMRAM 000015
___aodiv@dividend            cstackCOMRAM 000005
___aodiv@divisor             cstackCOMRAM 00000D
___aodiv@quotient            cstackCOMRAM 000017
___aodiv@sign                cstackCOMRAM 000016
___aomod                     text19       001DFA
___aomod@counter             cstackCOMRAM 000015
___aomod@dividend            cstackCOMRAM 000005
___aomod@divisor             cstackCOMRAM 00000D
___aomod@sign                cstackCOMRAM 000016
___inthi_sp                  stack        000000
___intlo_sp                  stack        000000
___param_bank                (abs)        000000
___rparam_used               (abs)        000001
___sp                        stack        000000
___wmul                      text24       0026B6
___wmul@multiplicand         cstackCOMRAM 000007
___wmul@multiplier           cstackCOMRAM 000005
___wmul@product              cstackCOMRAM 000009
__accesstop                  (abs)        000060
__activetblptr               (abs)        000002
__end_of_EEPROM_PutChar      text30       0025BC
__end_of_ISR                 intcode      0000A2
__end_of_MSG_check           text8        0010A4
__end_of_Modem_install       text5        001524
__end_of_SIM_Ready_Check     text7        0023DA
__end_of_SYS_Initialize      text4        0022DE
__end_of_UART1PutChar        text29       00271A
__end_of_UART1PutString      text28       0024EE
__end_of_UART1_Init          text2        0021B6
__end_of_UART2_Init          text1        002120
__end_of_UART2_PutChar       text27       00270E
__end_of___aldiv             text3        001FEA
__end_of___aodiv             text20       001B88
__end_of___aomod             text19       001F1E
__end_of___wmul              text24       0026DC
__end_of__initialization     cinit        002434
__end_of_abs                 text18       00265C
__end_of_atoi                text21       001CC8
__end_of_clear_Buffer        text26       002702
__end_of_dtoa                text12       001A40
__end_of_fputc               text16       00208A
__end_of_fputs               text15       0025F4
__end_of_isdigit             text23       00268C
__end_of_isspace             text22       00257E
__end_of_main                text0        00262A
__end_of_memset              text25       001DFA
__end_of_pad                 text13       00224C
__end_of_putch               text17       00271C
__end_of_receiver_check      text6        00235E
__end_of_sprintf             text9        002540
__end_of_strlen              text14       0026B6
__end_of_vfpfcnvrt           text11       0017FC
__end_of_vfprintf            text10       002498
__initialization             cinit        0023DA
__mediumconst                mediumconst  00FE46
__pbssBANK0                  bssBANK0     000060
__pbssBANK1                  bssBANK1     00013C
__pbssBANK2                  bssBANK2     000200
__pbssBANK3                  bssBANK3     000300
__pbssCOMRAM                 bssCOMRAM    000052
__pcinit                     cinit        0023DA
__pcstackBANK0               cstackBANK0  0000A5
__pcstackBANK1               cstackBANK1  000100
__pcstackCOMRAM              cstackCOMRAM 000001
__pdataCOMRAM                dataCOMRAM   000056
__pidataCOMRAM               idataCOMRAM  00271C
__pintcode                   intcode      000008
__pmediumconst               mediumconst  00FE46
__pnvBANK0                   nvBANK0      0000C7
__ptext0                     text0        0025F4
__ptext1                     text1        00208A
__ptext10                    text10       002442
__ptext11                    text11       001524
__ptext12                    text12       0017FC
__ptext13                    text13       0021B6
__ptext14                    text14       00268C
__ptext15                    text15       0025BC
__ptext16                    text16       001FEA
__ptext17                    text17       00271A
__ptext18                    text18       00262A
__ptext19                    text19       001DFA
__ptext2                     text2        002120
__ptext20                    text20       001A40
__ptext21                    text21       001B88
__ptext22                    text22       002540
__ptext23                    text23       00265C
__ptext24                    text24       0026B6
__ptext25                    text25       001CC8
__ptext26                    text26       0026DC
__ptext27                    text27       002702
__ptext28                    text28       002498
__ptext29                    text29       00270E
__ptext3                     text3        001F1E
__ptext30                    text30       00257E
__ptext4                     text4        00224C
__ptext5                     text5        0010A4
__ptext6                     text6        0022DE
__ptext7                     text7        00235E
__ptext8                     text8        0000A6
__ptext9                     text9        0024EE
__ramtop                     ramtop       001000
__size_of_EEPROM_PutChar     (abs)        000000
__size_of_ISR                (abs)        000000
__size_of_MSG_check          (abs)        000000
__size_of_Modem_install      (abs)        000000
__size_of_SIM_Ready_Check    (abs)        000000
__size_of_SYS_Initialize     (abs)        000000
__size_of_UART1PutChar       (abs)        000000
__size_of_UART1PutString     (abs)        000000
__size_of_UART1_Init         (abs)        000000
__size_of_UART2_Init         (abs)        000000
__size_of_UART2_PutChar      (abs)        000000
__size_of___aldiv            (abs)        000000
__size_of___aodiv            (abs)        000000
__size_of___aomod            (abs)        000000
__size_of___wmul             (abs)        000000
__size_of_abs                (abs)        000000
__size_of_atoi               (abs)        000000
__size_of_clear_Buffer       (abs)        000000
__size_of_dtoa               (abs)        000000
__size_of_fputc              (abs)        000000
__size_of_fputs              (abs)        000000
__size_of_isdigit            (abs)        000000
__size_of_isspace            (abs)        000000
__size_of_main               (abs)        000000
__size_of_memset             (abs)        000000
__size_of_pad                (abs)        000000
__size_of_putch              (abs)        000000
__size_of_receiver_check     (abs)        000000
__size_of_sprintf            (abs)        000000
__size_of_strlen             (abs)        000000
__size_of_vfpfcnvrt          (abs)        000000
__size_of_vfprintf           (abs)        000000
__smallconst                 smallconst   000000
_abs                         text18       00262A
_atoi                        text21       001B88
_atoi$1547                   cstackCOMRAM 000014
_atoi$1548                   cstackCOMRAM 000018
_atoi$1549                   cstackCOMRAM 000016
_clear_Buffer                text26       0026DC
_dbuf                        bssBANK1     000146
_delay_bit                   bssBANK0     0000A3
_dtoa                        text12       0017FC
_dtoa$1075                   cstackCOMRAM 000032
_flag                        dataCOMRAM   000056
_flags                       bssCOMRAM    000052
_fputc                       text16       001FEA
_fputs                       text15       0025BC
_isdigit                     text23       00265C
_isspace                     text22       002540
_isspace$1565                cstackCOMRAM 00000B
_main                        text0        0025F4
_memset                      text25       001CC8
_nout                        bssBANK0     000094
_pad                         text13       0021B6
_prec                        bssBANK0     000098
_putch                       text17       00271A
_receiver_check              text6        0022DE
_receiver_count              bssCOMRAM    000055
_receiver_flag               bssBANK0     0000A1
_sprintf                     text9        0024EE
_string                      bssBANK2     000200
_string1                     bssBANK3     000300
_strlen                      text14       00268C
_vfpfcnvrt                   text11       001524
_vfpfcnvrt$1090              cstackBANK0  0000AF
_vfprintf                    text10       002442
_width                       bssBANK0     000096
abs@a                        cstackCOMRAM 000017
atoi@n                       cstackCOMRAM 000019
atoi@neg                     cstackCOMRAM 000012
atoi@s                       cstackCOMRAM 00000C
btemp                        temp         000057
clear_Buffer@clear           cstackCOMRAM 000005
dtoa@d                       cstackCOMRAM 000022
dtoa@fp                      cstackCOMRAM 000020
dtoa@i                       cstackCOMRAM 000042
dtoa@n                       cstackCOMRAM 00003A
dtoa@p                       cstackCOMRAM 000034
dtoa@s                       cstackCOMRAM 000038
dtoa@w                       cstackCOMRAM 000036
end_of_initialization        cinit        002434
fputc@c                      cstackCOMRAM 000005
fputc@fp                     cstackCOMRAM 000007
fputs@c                      cstackCOMRAM 000012
fputs@fp                     cstackCOMRAM 000010
fputs@i                      cstackCOMRAM 000013
fputs@s                      cstackCOMRAM 00000E
int$flags                    temp         000057
intlevel0                    text         000000
intlevel1                    text         000000
intlevel2                    text         000000
intlevel3                    text         000000
isdigit@c                    cstackCOMRAM 000005
isspace@c                    cstackCOMRAM 000005
memset@c                     cstackCOMRAM 000007
memset@dest                  cstackCOMRAM 000005
memset@k                     cstackCOMRAM 00000D
memset@n                     cstackCOMRAM 000009
memset@s                     cstackCOMRAM 00000F
pad@buf                      cstackCOMRAM 000017
pad@fp                       cstackCOMRAM 000015
pad@i                        cstackCOMRAM 00001C
pad@p                        cstackCOMRAM 000019
pad@w                        cstackCOMRAM 00001E
receiver_check@i             cstackCOMRAM 000012
sprintf@ap                   cstackBANK0  0000BF
sprintf@f                    cstackBANK0  0000C1
sprintf@fmt                  cstackBANK0  0000B9
sprintf@s                    cstackBANK0  0000B7
stackhi                      (abs)        000F37
stacklo                      (abs)        0003FF
start                        init         0000A2
start_initialization         cinit        0023DA
strlen@a                     cstackCOMRAM 000007
strlen@s                     cstackCOMRAM 000005
ttemp5                       temp         000058
ttemp6                       temp         00005B
ttemp7                       temp         00005F
vfpfcnvrt@ap                 cstackCOMRAM 000048
vfpfcnvrt@done               cstackBANK0  0000AD
vfpfcnvrt@fmt                cstackCOMRAM 000046
vfpfcnvrt@fp                 cstackCOMRAM 000044
vfpfcnvrt@ll                 cstackBANK0  0000A5
vfprintf@ap                  cstackBANK0  0000B5
vfprintf@cfmt                cstackCOMRAM 00004E
vfprintf@fmt                 cstackBANK0  0000B3
vfprintf@fp                  cstackBANK0  0000B1
wtemp8                       temp         000058


FUNCTION INFORMATION:

 *************** function _main *****************
 Defined at:
		line 24 in file "main.c"
 Parameters:    Size  Location     Type
		None
 Auto vars:     Size  Location     Type
		None
 Return value:  Size  Location     Type
                  1    wreg      void 
 Registers used:
		wreg, fsr1l, fsr1h, fsr2l, fsr2h, status,2, status,0, tblptrl, tblptrh, tblptru, prodl, prodh, cstack
 Tracked objects:
		On entry : 
		On exit  : 
		Unchanged: 
 Data sizes:     COMRAM   BANK0   BANK1   BANK2   BANK3   BANK4   BANK5   BANK6   BANK7   BANK8   BANK9  BANK10  BANK11  BANK12  BANK13  BANK14  BANK15
      Params:         0       0       0       0       0       0       0       0       0       0       0       0       0       0       0       0       0
      Locals:         0       0       0       0       0       0       0       0       0       0       0       0       0       0       0       0       0
      Temps:          0       0       0       0       0       0       0       0       0       0       0       0       0       0       0       0       0
      Totals:         0       0       0       0       0       0       0       0       0       0       0       0       0       0       0       0       0
Total ram usage:        0 bytes
 Hardware stack levels required when called:   10
 This function calls:
		_MSG_check
		_Modem_install
		_SYS_Initialize
		_UART1_Init
		_UART2_Init
 This function is called by:
		Startup code after reset
 This function uses a non-reentrant model


 *************** function _UART2_Init *****************
 Defined at:
		line 34 in file "./UART2.h"
 Parameters:    Size  Location     Type
  baudrate        4   18[COMRAM] const long 
 Auto vars:     Size  Location     Type
  x               2   26[COMRAM] int 
 Return value:  Size  Location     Type
                  1    wreg      _Bool 
 Registers used:
		wreg, status,2, status,0, cstack
 Tracked objects:
		On entry : 
		On exit  : 
		Unchanged: 
 Data sizes:     COMRAM   BANK0   BANK1   BANK2   BANK3   BANK4   BANK5   BANK6   BANK7   BANK8   BANK9  BANK10  BANK11  BANK12  BANK13  BANK14  BANK15
      Params:         4       0       0       0       0       0       0       0       0       0       0       0       0       0       0       0       0
      Locals:         6       0       0       0       0       0       0       0       0       0       0       0       0       0       0       0       0
      Temps:          0       0       0       0       0       0       0       0       0       0       0       0       0       0       0       0       0
      Totals:        10       0       0       0       0       0       0       0       0       0       0       0       0       0       0       0       0
Total ram usage:       10 bytes
 Hardware stack levels used:    1
 Hardware stack levels required when called:    2
 This function calls:
		___aldiv
 This function is called by:
		_main
 This function uses a non-reentrant model


 *************** function _UART1_Init *****************
 Defined at:
		line 27 in file "./UART1.h"
 Parameters:    Size  Location     Type
  baudrate        4   18[COMRAM] const long 
 Auto vars:     Size  Location     Type
  x               2   26[COMRAM] int 
 Return value:  Size  Location     Type
                  1    wreg      _Bool 
 Registers used:
		wreg, status,2, status,0, cstack
 Tracked objects:
		On entry : 
		On exit  : 
		Unchanged: 
 Data sizes:     COMRAM   BANK0   BANK1   BANK2   BANK3   BANK4   BANK5   BANK6   BANK7   BANK8   BANK9  BANK10  BANK11  BANK12  BANK13  BANK14  BANK15
      Params:         4       0       0       0       0       0       0       0       0       0       0       0       0       0       0       0       0
      Locals:         6       0       0       0       0       0       0       0       0       0       0       0       0       0       0       0       0
      Temps:          0       0       0       0       0       0       0       0       0       0       0       0       0       0       0       0       0
      Totals:        10       0       0       0       0       0       0       0       0       0       0       0       0       0       0       0       0
Total ram usage:       10 bytes
 Hardware stack levels used:    1
 Hardware stack levels required when called:    2
 This function calls:
		___aldiv
 This function is called by:
		_main
 This function uses a non-reentrant model


 *************** function ___aldiv *****************
 Defined at:
		line 7 in file "C:\Program Files (x86)\Microchip\xc8\v2.05\pic\sources\c99\common\aldiv.c"
 Parameters:    Size  Location     Type
  dividend        4    4[COMRAM] long 
  divisor         4    8[COMRAM] long 
 Auto vars:     Size  Location     Type
  quotient        4   14[COMRAM] long 
  sign            1   13[COMRAM] unsigned char 
  counter         1   12[COMRAM] unsigned char 
 Return value:  Size  Location     Type
                  4    4[COMRAM] long 
 Registers used:
		wreg, status,2, status,0
 Tracked objects:
		On entry : 
		On exit  : 
		Unchanged: 
 Data sizes:     COMRAM   BANK0   BANK1   BANK2   BANK3   BANK4   BANK5   BANK6   BANK7   BANK8   BANK9  BANK10  BANK11  BANK12  BANK13  BANK14  BANK15
      Params:         8       0       0       0       0       0       0       0       0       0       0       0       0       0       0       0       0
      Locals:         6       0       0       0       0       0       0       0       0       0       0       0       0       0       0       0       0
      Temps:          0       0       0       0       0       0       0       0       0       0       0       0       0       0       0       0       0
      Totals:        14       0       0       0       0       0       0       0       0       0       0       0       0       0       0       0       0
Total ram usage:       14 bytes
 Hardware stack levels used:    1
 Hardware stack levels required when called:    1
 This function calls:
		Nothing
 This function is called by:
		_UART1_Init
		_UART2_Init
 This function uses a non-reentrant model


 *************** function _SYS_Initialize *****************
 Defined at:
		line 83 in file "./System.h"
 Parameters:    Size  Location     Type
		None
 Auto vars:     Size  Location     Type
		None
 Return value:  Size  Location     Type
                  1    wreg      void 
 Registers used:
		wreg, status,2, status,0, prodl, prodh
 Tracked objects:
		On entry : 
		On exit  : 
		Unchanged: 
 Data sizes:     COMRAM   BANK0   BANK1   BANK2   BANK3   BANK4   BANK5   BANK6   BANK7   BANK8   BANK9  BANK10  BANK11  BANK12  BANK13  BANK14  BANK15
      Params:         0       0       0       0       0       0       0       0       0       0       0       0       0       0       0       0       0
      Locals:         0       0       0       0       0       0       0       0       0       0       0       0       0       0       0       0       0
      Temps:          0       0       0       0       0       0       0       0       0       0       0       0       0       0       0       0       0
      Totals:         0       0       0       0       0       0       0       0       0       0       0       0       0       0       0       0       0
Total ram usage:        0 bytes
 Hardware stack levels used:    1
 Hardware stack levels required when called:    1
 This function calls:
		Nothing
 This function is called by:
		_main
 This function uses a non-reentrant model


 *************** function _Modem_install *****************
 Defined at:
		line 227 in file "./System.h"
 Parameters:    Size  Location     Type
		None
 Auto vars:     Size  Location     Type
		None
 Return value:  Size  Location     Type
                  1    wreg      void 
 Registers used:
		wreg, fsr1l, fsr1h, fsr2l, fsr2h, status,2, status,0, tblptrl, tblptrh, tblptru, cstack
 Tracked objects:
		On entry : 
		On exit  : 
		Unchanged: 
 Data sizes:     COMRAM   BANK0   BANK1   BANK2   BANK3   BANK4   BANK5   BANK6   BANK7   BANK8   BANK9  BANK10  BANK11  BANK12  BANK13  BANK14  BANK15
      Params:         0       0       0       0       0       0       0       0       0       0       0       0       0       0       0       0       0
      Locals:         0       0       0       0       0       0       0       0       0       0       0       0       0       0       0       0       0
      Temps:          2       0       0       0       0       0       0       0       0       0       0       0       0       0       0       0       0
      Totals:         2       0       0       0       0       0       0       0       0       0       0       0       0       0       0       0       0
Total ram usage:        2 bytes
 Hardware stack levels used:    1
 Hardware stack levels required when called:    3
 This function calls:
		_SIM_Ready_Check
		_UART1PutString
		_receiver_check
 This function is called by:
		_main
 This function uses a non-reentrant model


 *************** function _receiver_check *****************
 Defined at:
		line 178 in file "./System.h"
 Parameters:    Size  Location     Type
		None
 Auto vars:     Size  Location     Type
  i               2   17[COMRAM] int 
 Return value:  Size  Location     Type
                  1    wreg      _Bool 
 Registers used:
		wreg, fsr2l, fsr2h, status,2, status,0, cstack
 Tracked objects:
		On entry : 
		On exit  : 
		Unchanged: 
 Data sizes:     COMRAM   BANK0   BANK1   BANK2   BANK3   BANK4   BANK5   BANK6   BANK7   BANK8   BANK9  BANK10  BANK11  BANK12  BANK13  BANK14  BANK15
      Params:         0       0       0       0       0       0       0       0       0       0       0       0       0       0       0       0       0
      Locals:         2       0       0       0       0       0       0       0       0       0       0       0       0       0       0       0       0
      Temps:          1       0       0       0       0       0       0       0       0       0       0       0       0       0       0       0       0
      Totals:         3       0       0       0       0       0       0       0       0       0       0       0       0       0       0       0       0
Total ram usage:        3 bytes
 Hardware stack levels used:    1
 Hardware stack levels required when called:    2
 This function calls:
		_memset
 This function is called by:
		_Modem_install
 This function uses a non-reentrant model


 *************** function _SIM_Ready_Check *****************
 Defined at:
		line 206 in file "./System.h"
 Parameters:    Size  Location     Type
		None
 Auto vars:     Size  Location     Type
  i               2   17[COMRAM] int 
 Return value:  Size  Location     Type
                  1    wreg      _Bool 
 Registers used:
		wreg, fsr2l, fsr2h, status,2, status,0, cstack
 Tracked objects:
		On entry : 
		On exit  : 
		Unchanged: 
 Data sizes:     COMRAM   BANK0   BANK1   BANK2   BANK3   BANK4   BANK5   BANK6   BANK7   BANK8   BANK9  BANK10  BANK11  BANK12  BANK13  BANK14  BANK15
      Params:         0       0       0       0       0       0       0       0       0       0       0       0       0       0       0       0       0
      Locals:         2       0       0       0       0       0       0       0       0       0       0       0       0       0       0       0       0
      Temps:          1       0       0       0       0       0       0       0       0       0       0       0       0       0       0       0       0
      Totals:         3       0       0       0       0       0       0       0       0       0       0       0       0       0       0       0       0
Total ram usage:        3 bytes
 Hardware stack levels used:    1
 Hardware stack levels required when called:    2
 This function calls:
		_memset
 This function is called by:
		_Modem_install
 This function uses a non-reentrant model


 *************** function _MSG_check *****************
 Defined at:
		line 298 in file "./System.h"
 Parameters:    Size  Location     Type
		None
 Auto vars:     Size  Location     Type
  a               2   22[BANK1 ] int 
  b               2   20[BANK1 ] int 
  b               2   46[BANK1 ] int 
  b               2   44[BANK1 ] int 
  b               2   18[BANK1 ] int 
  b               2   42[BANK1 ] int 
  b               2   40[BANK1 ] int 
  b               2   16[BANK1 ] int 
  a               2   38[BANK1 ] int 
  b               2   36[BANK1 ] int 
  b               2   34[BANK1 ] int 
  b               2   14[BANK1 ] int 
  a               2   32[BANK1 ] int 
  b               2   30[BANK1 ] int 
  a               2   12[BANK1 ] int 
  a               2   28[BANK1 ] int 
  a               2   26[BANK1 ] int 
  a               2   24[BANK1 ] int 
  i               2   10[BANK1 ] int 
  i               2   58[BANK1 ] int 
  b               2   52[BANK1 ] int 
  i               2   54[BANK1 ] int 
  a               2   50[BANK1 ] int 
  a               2   48[BANK1 ] int 
  temp           10    0[BANK1 ] unsigned char [10]
  mob            11    0        unsigned char [11]
  flag            1   57[BANK1 ] unsigned char 
  i               1   56[BANK1 ] unsigned char 
 Return value:  Size  Location     Type
                  1    wreg      void 
 Registers used:
		wreg, fsr1l, fsr1h, fsr2l, fsr2h, status,2, status,0, tblptrl, tblptrh, tblptru, prodl, prodh, cstack
 Tracked objects:
		On entry : 
		On exit  : 
		Unchanged: 
 Data sizes:     COMRAM   BANK0   BANK1   BANK2   BANK3   BANK4   BANK5   BANK6   BANK7   BANK8   BANK9  BANK10  BANK11  BANK12  BANK13  BANK14  BANK15
      Params:         0       0       0       0       0       0       0       0       0       0       0       0       0       0       0       0       0
      Locals:         0       0      60       0       0       0       0       0       0       0       0       0       0       0       0       0       0
      Temps:          2       0       0       0       0       0       0       0       0       0       0       0       0       0       0       0       0
      Totals:         2       0      60       0       0       0       0       0       0       0       0       0       0       0       0       0       0
Total ram usage:       62 bytes
 Hardware stack levels used:    1
 Hardware stack levels required when called:    9
 This function calls:
		_EEPROM_PutChar
		_UART1PutString
		_UART2_PutChar
		_clear_Buffer
		_memset
		_sprintf
 This function is called by:
		_main
 This function uses a non-reentrant model


 *************** function _sprintf *****************
 Defined at:
		line 9 in file "C:\Program Files (x86)\Microchip\xc8\v2.05\pic\sources\c99\common\nf_sprintf.c"
 Parameters:    Size  Location     Type
  s               2   18[BANK0 ] PTR unsigned char 
		 -> MSG_check@temp(10), 
  fmt             2   20[BANK0 ] PTR const unsigned char 
		 -> STR_34(6), 
 Auto vars:     Size  Location     Type
  f               6   28[BANK0 ] struct _IO_FILE
  ap              2   26[BANK0 ] PTR void [1]
		 -> ?_sprintf(2), 
  ret             2    0        int 
 Return value:  Size  Location     Type
                  2   18[BANK0 ] int 
 Registers used:
		wreg, fsr1l, fsr1h, fsr2l, fsr2h, status,2, status,0, tblptrl, tblptrh, tblptru, prodl, prodh, cstack
 Tracked objects:
		On entry : 
		On exit  : 
		Unchanged: 
 Data sizes:     COMRAM   BANK0   BANK1   BANK2   BANK3   BANK4   BANK5   BANK6   BANK7   BANK8   BANK9  BANK10  BANK11  BANK12  BANK13  BANK14  BANK15
      Params:         0       6       0       0       0       0       0       0       0       0       0       0       0       0       0       0       0
      Locals:         0      10       0       0       0       0       0       0       0       0       0       0       0       0       0       0       0
      Temps:          0       0       0       0       0       0       0       0       0       0       0       0       0       0       0       0       0
      Totals:         0      16       0       0       0       0       0       0       0       0       0       0       0       0       0       0       0
Total ram usage:       16 bytes
 Hardware stack levels used:    1
 Hardware stack levels required when called:    8
 This function calls:
		_vfprintf
 This function is called by:
		_MSG_check
 This function uses a non-reentrant model


 *************** function _vfprintf *****************
 Defined at:
		line 1368 in file "C:\Program Files (x86)\Microchip\xc8\v2.05\pic\sources\c99\common\doprnt.c"
 Parameters:    Size  Location     Type
  fp              2   12[BANK0 ] PTR struct _IO_FILE
		 -> sprintf@f(6), 
  fmt             2   14[BANK0 ] PTR const unsigned char 
		 -> STR_34(6), 
  ap              2   16[BANK0 ] PTR PTR void 
		 -> sprintf@ap(2), 
 Auto vars:     Size  Location     Type
  cfmt            2   77[COMRAM] PTR unsigned char 
		 -> STR_34(6), 
 Return value:  Size  Location     Type
                  2   12[BANK0 ] int 
 Registers used:
		wreg, fsr1l, fsr1h, fsr2l, fsr2h, status,2, status,0, tblptrl, tblptrh, tblptru, prodl, prodh, cstack
 Tracked objects:
		On entry : 
		On exit  : 
		Unchanged: 
 Data sizes:     COMRAM   BANK0   BANK1   BANK2   BANK3   BANK4   BANK5   BANK6   BANK7   BANK8   BANK9  BANK10  BANK11  BANK12  BANK13  BANK14  BANK15
      Params:         0       6       0       0       0       0       0       0       0       0       0       0       0       0       0       0       0
      Locals:         2       0       0       0       0       0       0       0       0       0       0       0       0       0       0       0       0
      Temps:          0       0       0       0       0       0       0       0       0       0       0       0       0       0       0       0       0
      Totals:         2       6       0       0       0       0       0       0       0       0       0       0       0       0       0       0       0
Total ram usage:        8 bytes
 Hardware stack levels used:    1
 Hardware stack levels required when called:    7
 This function calls:
		_vfpfcnvrt
 This function is called by:
		_sprintf
 This function uses a non-reentrant model


 *************** function _vfpfcnvrt *****************
 Defined at:
		line 670 in file "C:\Program Files (x86)\Microchip\xc8\v2.05\pic\sources\c99\common\doprnt.c"
 Parameters:    Size  Location     Type
  fp              2   67[COMRAM] PTR struct _IO_FILE
		 -> sprintf@f(6), 
  fmt             2   69[COMRAM] PTR PTR unsigned char 
		 -> vfprintf@cfmt(2), 
  ap              2   71[COMRAM] PTR PTR void 
		 -> sprintf@ap(2), 
 Auto vars:     Size  Location     Type
  ll              8    0[BANK0 ] long long 
  llu             8    0        unsigned long long 
  f               4    0        unsigned long long 
  vp              3    0        PTR void 
  ct              3    0        unsigned char [3]
  cp              3    0        PTR unsigned char 
  done            2    8[BANK0 ] int 
  i               2    0        int 
  c               1    0        unsigned char 
 Return value:  Size  Location     Type
                  2   67[COMRAM] int 
 Registers used:
		wreg, fsr1l, fsr1h, fsr2l, fsr2h, status,2, status,0, tblptrl, tblptrh, tblptru, prodl, prodh, cstack
 Tracked objects:
		On entry : 
		On exit  : 
		Unchanged: 
 Data sizes:     COMRAM   BANK0   BANK1   BANK2   BANK3   BANK4   BANK5   BANK6   BANK7   BANK8   BANK9  BANK10  BANK11  BANK12  BANK13  BANK14  BANK15
      Params:         6       0       0       0       0       0       0       0       0       0       0       0       0       0       0       0       0
      Locals:         0      12       0       0       0       0       0       0       0       0       0       0       0       0       0       0       0
      Temps:          4       0       0       0       0       0       0       0       0       0       0       0       0       0       0       0       0
      Totals:        10      12       0       0       0       0       0       0       0       0       0       0       0       0       0       0       0
Total ram usage:       22 bytes
 Hardware stack levels used:    1
 Hardware stack levels required when called:    6
 This function calls:
		_atoi
		_dtoa
		_fputc
		_isdigit
 This function is called by:
		_vfprintf
 This function uses a non-reentrant model


 *************** function _dtoa *****************
 Defined at:
		line 274 in file "C:\Program Files (x86)\Microchip\xc8\v2.05\pic\sources\c99\common\doprnt.c"
 Parameters:    Size  Location     Type
  fp              2   31[COMRAM] PTR struct _IO_FILE
		 -> sprintf@f(6), 
  d               8   33[COMRAM] long long 
 Auto vars:     Size  Location     Type
  n               8   57[COMRAM] long long 
  i               2   65[COMRAM] int 
  s               2   55[COMRAM] int 
  w               2   53[COMRAM] int 
  p               2   51[COMRAM] int 
 Return value:  Size  Location     Type
                  2   31[COMRAM] int 
 Registers used:
		wreg, fsr1l, fsr1h, fsr2l, fsr2h, status,2, status,0, cstack
 Tracked objects:
		On entry : 
		On exit  : 
		Unchanged: 
 Data sizes:     COMRAM   BANK0   BANK1   BANK2   BANK3   BANK4   BANK5   BANK6   BANK7   BANK8   BANK9  BANK10  BANK11  BANK12  BANK13  BANK14  BANK15
      Params:        10       0       0       0       0       0       0       0       0       0       0       0       0       0       0       0       0
      Locals:        18       0       0       0       0       0       0       0       0       0       0       0       0       0       0       0       0
      Temps:          8       0       0       0       0       0       0       0       0       0       0       0       0       0       0       0       0
      Totals:        36       0       0       0       0       0       0       0       0       0       0       0       0       0       0       0       0
Total ram usage:       36 bytes
 Hardware stack levels used:    1
 Hardware stack levels required when called:    5
 This function calls:
		___aodiv
		___aomod
		_abs
		_pad
 This function is called by:
		_vfpfcnvrt
 This function uses a non-reentrant model


 *************** function _pad *****************
 Defined at:
		line 72 in file "C:\Program Files (x86)\Microchip\xc8\v2.05\pic\sources\c99\common\doprnt.c"
 Parameters:    Size  Location     Type
  fp              2   20[COMRAM] PTR struct _IO_FILE
		 -> sprintf@f(6), 
  buf             2   22[COMRAM] PTR unsigned char 
		 -> dbuf(32), 
  p               2   24[COMRAM] int 
 Auto vars:     Size  Location     Type
  w               2   29[COMRAM] int 
  i               2   27[COMRAM] int 
 Return value:  Size  Location     Type
                  2   20[COMRAM] int 
 Registers used:
		wreg, fsr1l, fsr1h, fsr2l, fsr2h, status,2, status,0, cstack
 Tracked objects:
		On entry : 
		On exit  : 
		Unchanged: 
 Data sizes:     COMRAM   BANK0   BANK1   BANK2   BANK3   BANK4   BANK5   BANK6   BANK7   BANK8   BANK9  BANK10  BANK11  BANK12  BANK13  BANK14  BANK15
      Params:         6       0       0       0       0       0       0       0       0       0       0       0       0       0       0       0       0
      Locals:         4       0       0       0       0       0       0       0       0       0       0       0       0       0       0       0       0
      Temps:          1       0       0       0       0       0       0       0       0       0       0       0       0       0       0       0       0
      Totals:        11       0       0       0       0       0       0       0       0       0       0       0       0       0       0       0       0
Total ram usage:       11 bytes
 Hardware stack levels used:    1
 Hardware stack levels required when called:    4
 This function calls:
		_fputc
		_fputs
		_strlen
 This function is called by:
		_dtoa
 This function uses a non-reentrant model


 *************** function _strlen *****************
 Defined at:
		line 12 in file "C:\Program Files (x86)\Microchip\xc8\v2.05\pic\sources\c99\common\strlen.c"
 Parameters:    Size  Location     Type
  s               2    4[COMRAM] PTR const unsigned char 
		 -> dbuf(32), 
 Auto vars:     Size  Location     Type
  a               2    6[COMRAM] PTR const unsigned char 
		 -> dbuf(32), 
 Return value:  Size  Location     Type
                  2    4[COMRAM] unsigned int 
 Registers used:
		wreg, fsr2l, fsr2h, status,2, status,0
 Tracked objects:
		On entry : 
		On exit  : 
		Unchanged: 
 Data sizes:     COMRAM   BANK0   BANK1   BANK2   BANK3   BANK4   BANK5   BANK6   BANK7   BANK8   BANK9  BANK10  BANK11  BANK12  BANK13  BANK14  BANK15
      Params:         2       0       0       0       0       0       0       0       0       0       0       0       0       0       0       0       0
      Locals:         2       0       0       0       0       0       0       0       0       0       0       0       0       0       0       0       0
      Temps:          0       0       0       0       0       0       0       0       0       0       0       0       0       0       0       0       0
      Totals:         4       0       0       0       0       0       0       0       0       0       0       0       0       0       0       0       0
Total ram usage:        4 bytes
 Hardware stack levels used:    1
 Hardware stack levels required when called:    1
 This function calls:
		Nothing
 This function is called by:
		_pad
 This function uses a non-reentrant model


 *************** function _fputs *****************
 Defined at:
		line 8 in file "C:\Program Files (x86)\Microchip\xc8\v2.05\pic\sources\c99\common\nf_fputs.c"
 Parameters:    Size  Location     Type
  s               2   13[COMRAM] PTR const unsigned char 
		 -> dbuf(32), 
  fp              2   15[COMRAM] PTR struct _IO_FILE
		 -> sprintf@f(6), 
 Auto vars:     Size  Location     Type
  i               2   18[COMRAM] int 
  c               1   17[COMRAM] unsigned char 
 Return value:  Size  Location     Type
                  2   13[COMRAM] int 
 Registers used:
		wreg, fsr1l, fsr1h, fsr2l, fsr2h, status,2, status,0, cstack
 Tracked objects:
		On entry : 
		On exit  : 
		Unchanged: 
 Data sizes:     COMRAM   BANK0   BANK1   BANK2   BANK3   BANK4   BANK5   BANK6   BANK7   BANK8   BANK9  BANK10  BANK11  BANK12  BANK13  BANK14  BANK15
      Params:         4       0       0       0       0       0       0       0       0       0       0       0       0       0       0       0       0
      Locals:         3       0       0       0       0       0       0       0       0       0       0       0       0       0       0       0       0
      Temps:          0       0       0       0       0       0       0       0       0       0       0       0       0       0       0       0       0
      Totals:         7       0       0       0       0       0       0       0       0       0       0       0       0       0       0       0       0
Total ram usage:        7 bytes
 Hardware stack levels used:    1
 Hardware stack levels required when called:    3
 This function calls:
		_fputc
 This function is called by:
		_pad
 This function uses a non-reentrant model


 *************** function _fputc *****************
 Defined at:
		line 8 in file "C:\Program Files (x86)\Microchip\xc8\v2.05\pic\sources\c99\common\nf_fputc.c"
 Parameters:    Size  Location     Type
  c               2    4[COMRAM] int 
  fp              2    6[COMRAM] PTR struct _IO_FILE
		 -> sprintf@f(6), 
 Auto vars:     Size  Location     Type
		None
 Return value:  Size  Location     Type
                  2    4[COMRAM] int 
 Registers used:
		wreg, fsr1l, fsr1h, fsr2l, fsr2h, status,2, status,0, cstack
 Tracked objects:
		On entry : 
		On exit  : 
		Unchanged: 
 Data sizes:     COMRAM   BANK0   BANK1   BANK2   BANK3   BANK4   BANK5   BANK6   BANK7   BANK8   BANK9  BANK10  BANK11  BANK12  BANK13  BANK14  BANK15
      Params:         4       0       0       0       0       0       0       0       0       0       0       0       0       0       0       0       0
      Locals:         0       0       0       0       0       0       0       0       0       0       0       0       0       0       0       0       0
      Temps:          5       0       0       0       0       0       0       0       0       0       0       0       0       0       0       0       0
      Totals:         9       0       0       0       0       0       0       0       0       0       0       0       0       0       0       0       0
Total ram usage:        9 bytes
 Hardware stack levels used:    1
 Hardware stack levels required when called:    2
 This function calls:
		_putch
 This function is called by:
		_pad
		_vfpfcnvrt
		_fputs
 This function uses a non-reentrant model


 *************** function _putch *****************
 Defined at:
		line 7 in file "C:\Program Files (x86)\Microchip\xc8\v2.05\pic\sources\c99\common\putch.c"
 Parameters:    Size  Location     Type
  c               1    wreg     unsigned char 
 Auto vars:     Size  Location     Type
  c               1    0[COMRAM] unsigned char 
 Return value:  Size  Location     Type
                  1    wreg      void 
 Registers used:
		wreg
 Tracked objects:
		On entry : 
		On exit  : 
		Unchanged: 
 Data sizes:     COMRAM   BANK0   BANK1   BANK2   BANK3   BANK4   BANK5   BANK6   BANK7   BANK8   BANK9  BANK10  BANK11  BANK12  BANK13  BANK14  BANK15
      Params:         0       0       0       0       0       0       0       0       0       0       0       0       0       0       0       0       0
      Locals:         0       0       0       0       0       0       0       0       0       0       0       0       0       0       0       0       0
      Temps:          0       0       0       0       0       0       0       0       0       0       0       0       0       0       0       0       0
      Totals:         0       0       0       0       0       0       0       0       0       0       0       0       0       0       0       0       0
Total ram usage:        0 bytes
 Hardware stack levels used:    1
 Hardware stack levels required when called:    1
 This function calls:
		Nothing
 This function is called by:
		_fputc
 This function uses a non-reentrant model


 *************** function _abs *****************
 Defined at:
		line 1 in file "C:\Program Files (x86)\Microchip\xc8\v2.05\pic\sources\c99\common\abs.c"
 Parameters:    Size  Location     Type
  a               2   22[COMRAM] int 
 Auto vars:     Size  Location     Type
		None
 Return value:  Size  Location     Type
                  2   22[COMRAM] int 
 Registers used:
		wreg, status,2, status,0
 Tracked objects:
		On entry : 
		On exit  : 
		Unchanged: 
 Data sizes:     COMRAM   BANK0   BANK1   BANK2   BANK3   BANK4   BANK5   BANK6   BANK7   BANK8   BANK9  BANK10  BANK11  BANK12  BANK13  BANK14  BANK15
      Params:         2       0       0       0       0       0       0       0       0       0       0       0       0       0       0       0       0
      Locals:         0       0       0       0       0       0       0       0       0       0       0       0       0       0       0       0       0
      Temps:          2       0       0       0       0       0       0       0       0       0       0       0       0       0       0       0       0
      Totals:         4       0       0       0       0       0       0       0       0       0       0       0       0       0       0       0       0
Total ram usage:        4 bytes
 Hardware stack levels used:    1
 Hardware stack levels required when called:    1
 This function calls:
		Nothing
 This function is called by:
		_dtoa
 This function uses a non-reentrant model


 *************** function ___aomod *****************
 Defined at:
		line 9 in file "C:\Program Files (x86)\Microchip\xc8\v2.05\pic\sources\c99\common\aomod.c"
 Parameters:    Size  Location     Type
  dividend        8    4[COMRAM] long long 
  divisor         8   12[COMRAM] long long 
 Auto vars:     Size  Location     Type
  sign            1   21[COMRAM] unsigned char 
  counter         1   20[COMRAM] unsigned char 
 Return value:  Size  Location     Type
                  8    4[COMRAM] long long 
 Registers used:
		wreg, status,2, status,0
 Tracked objects:
		On entry : 
		On exit  : 
		Unchanged: 
 Data sizes:     COMRAM   BANK0   BANK1   BANK2   BANK3   BANK4   BANK5   BANK6   BANK7   BANK8   BANK9  BANK10  BANK11  BANK12  BANK13  BANK14  BANK15
      Params:        16       0       0       0       0       0       0       0       0       0       0       0       0       0       0       0       0
      Locals:         2       0       0       0       0       0       0       0       0       0       0       0       0       0       0       0       0
      Temps:          0       0       0       0       0       0       0       0       0       0       0       0       0       0       0       0       0
      Totals:        18       0       0       0       0       0       0       0       0       0       0       0       0       0       0       0       0
Total ram usage:       18 bytes
 Hardware stack levels used:    1
 Hardware stack levels required when called:    1
 This function calls:
		Nothing
 This function is called by:
		_dtoa
 This function uses a non-reentrant model


 *************** function ___aodiv *****************
 Defined at:
		line 9 in file "C:\Program Files (x86)\Microchip\xc8\v2.05\pic\sources\c99\common\aodiv.c"
 Parameters:    Size  Location     Type
  dividend        8    4[COMRAM] long long 
  divisor         8   12[COMRAM] long long 
 Auto vars:     Size  Location     Type
  quotient        8   22[COMRAM] long long 
  sign            1   21[COMRAM] unsigned char 
  counter         1   20[COMRAM] unsigned char 
 Return value:  Size  Location     Type
                  8    4[COMRAM] long long 
 Registers used:
		wreg, fsr2l, fsr2h, status,2, status,0
 Tracked objects:
		On entry : 
		On exit  : 
		Unchanged: 
 Data sizes:     COMRAM   BANK0   BANK1   BANK2   BANK3   BANK4   BANK5   BANK6   BANK7   BANK8   BANK9  BANK10  BANK11  BANK12  BANK13  BANK14  BANK15
      Params:        16       0       0       0       0       0       0       0       0       0       0       0       0       0       0       0       0
      Locals:        10       0       0       0       0       0       0       0       0       0       0       0       0       0       0       0       0
      Temps:          0       0       0       0       0       0       0       0       0       0       0       0       0       0       0       0       0
      Totals:        26       0       0       0       0       0       0       0       0       0       0       0       0       0       0       0       0
Total ram usage:       26 bytes
 Hardware stack levels used:    1
[...]
      Params:         2       0       0       0       0       0       0       0       0       0       0       0       0       0       0       0       0
      Locals:         1       0       0       0       0       0       0       0       0       0       0       0       0       0       0       0       0
      Temps:          4       0       0       0       0       0       0       0       0       0       0       0       0       0       0       0       0
      Totals:         7       0       0       0       0       0       0       0       0       0       0       0       0       0       0       0       0
Total ram usage:        7 bytes
 Hardware stack levels used:    1
 Hardware stack levels required when called:    1
 This function calls:
		Nothing
 This function is called by:
		_atoi
 This function uses a non-reentrant model


 *************** function _isdigit *****************
 Defined at:
		line 5 in file "C:\Program Files (x86)\Microchip\xc8\v2.05\pic\sources\c99\common\isdigit.c"
 Parameters:    Size  Location     Type
  c               2    4[COMRAM] int 
 Auto vars:     Size  Location     Type
		None
 Return value:  Size  Location     Type
                  2    4[COMRAM] int 
 Registers used:
		wreg, status,2, status,0
 Tracked objects:
		On entry : 
		On exit  : 
		Unchanged: 
 Data sizes:     COMRAM   BANK0   BANK1   BANK2   BANK3   BANK4   BANK5   BANK6   BANK7   BANK8   BANK9  BANK10  BANK11  BANK12  BANK13  BANK14  BANK15
      Params:         2       0       0       0       0       0       0       0       0       0       0       0       0       0       0       0       0
      Locals:         0       0       0       0       0       0       0       0       0       0       0       0       0       0       0       0       0
      Temps:          4       0       0       0       0       0       0       0       0       0       0       0       0       0       0       0       0
      Totals:         6       0       0       0       0       0       0       0       0       0       0       0       0       0       0       0       0
Total ram usage:        6 bytes
 Hardware stack levels used:    1
 Hardware stack levels required when called:    1
 This function calls:
		Nothing
 This function is called by:
		_vfpfcnvrt
		_atoi
 This function uses a non-reentrant model


 *************** function ___wmul *****************
 Defined at:
		line 15 in file "C:\Program Files (x86)\Microchip\xc8\v2.05\pic\sources\c99\common\Umul16.c"
 Parameters:    Size  Location     Type
  multiplier      2    4[COMRAM] unsigned int 
  multiplicand    2    6[COMRAM] unsigned int 
 Auto vars:     Size  Location     Type
  product         2    8[COMRAM] unsigned int 
 Return value:  Size  Location     Type
                  2    4[COMRAM] unsigned int 
 Registers used:
		wreg, status,2, status,0, prodl, prodh
 Tracked objects:
		On entry : 
		On exit  : 
		Unchanged: 
 Data sizes:     COMRAM   BANK0   BANK1   BANK2   BANK3   BANK4   BANK5   BANK6   BANK7   BANK8   BANK9  BANK10  BANK11  BANK12  BANK13  BANK14  BANK15
      Params:         4       0       0       0       0       0       0       0       0       0       0       0       0       0       0       0       0
      Locals:         2       0       0       0       0       0       0       0       0       0       0       0       0       0       0       0       0
      Temps:          0       0       0       0       0       0       0       0       0       0       0       0       0       0       0       0       0
      Totals:         6       0       0       0       0       0       0       0       0       0       0       0       0       0       0       0       0
Total ram usage:        6 bytes
 Hardware stack levels used:    1
 Hardware stack levels required when called:    1
 This function calls:
		Nothing
 This function is called by:
		_atoi
 This function uses a non-reentrant model


 *************** function _memset *****************
 Defined at:
		line 4 in file "C:\Program Files (x86)\Microchip\xc8\v2.05\pic\sources\c99\common\memset.c"
 Parameters:    Size  Location     Type
  dest            2    4[COMRAM] PTR void 
		 -> string(255), 
  c               2    6[COMRAM] int 
  n               2    8[COMRAM] unsigned int 
 Auto vars:     Size  Location     Type
  s               2   14[COMRAM] PTR unsigned char 
		 -> string(255), 
  k               2   12[COMRAM] unsigned int 
 Return value:  Size  Location     Type
                  2    4[COMRAM] PTR void 
 Registers used:
		wreg, fsr2l, fsr2h, status,2, status,0
 Tracked objects:
		On entry : 
		On exit  : 
		Unchanged: 
 Data sizes:     COMRAM   BANK0   BANK1   BANK2   BANK3   BANK4   BANK5   BANK6   BANK7   BANK8   BANK9  BANK10  BANK11  BANK12  BANK13  BANK14  BANK15
      Params:         6       0       0       0       0       0       0       0       0       0       0       0       0       0       0       0       0
      Locals:         4       0       0       0       0       0       0       0       0       0       0       0       0       0       0       0       0
      Temps:          2       0       0       0       0       0       0       0       0       0       0       0       0       0       0       0       0
      Totals:        12       0       0       0       0       0       0       0       0       0       0       0       0       0       0       0       0
Total ram usage:       12 bytes
 Hardware stack levels used:    1
 Hardware stack levels required when called:    1
 This function calls:
		Nothing
 This function is called by:
		_receiver_check
		_SIM_Ready_Check
		_MSG_check
		_SIM_Provider_Name
 This function uses a non-reentrant model


 *************** function _clear_Buffer *****************
 Defined at:
		line 60 in file "./System.h"
 Parameters:    Size  Location     Type
		None
 Auto vars:     Size  Location     Type
  clear           1    4[COMRAM] unsigned char 
 Return value:  Size  Location     Type
                  1    wreg      void 
 Registers used:
		wreg, fsr2l, fsr2h, status,2, status,0
 Tracked objects:
		On entry : 
		On exit  : 
		Unchanged: 
 Data sizes:     COMRAM   BANK0   BANK1   BANK2   BANK3   BANK4   BANK5   BANK6   BANK7   BANK8   BANK9  BANK10  BANK11  BANK12  BANK13  BANK14  BANK15
      Params:         0       0       0       0       0       0       0       0       0       0       0       0       0       0       0       0       0
      Locals:         1       0       0       0       0       0       0       0       0       0       0       0       0       0       0       0       0
      Temps:          0       0       0       0       0       0       0       0       0       0       0       0       0       0       0       0       0
      Totals:         1       0       0       0       0       0       0       0       0       0       0       0       0       0       0       0       0
Total ram usage:        1 bytes
 Hardware stack levels used:    1
 Hardware stack levels required when called:    1
 This function calls:
		Nothing
 This function is called by:
		_MSG_check
 This function uses a non-reentrant model


 *************** function _UART2_PutChar *****************
 Defined at:
		line 86 in file "./UART2.h"
 Parameters:    Size  Location     Type
  data            1    wreg     unsigned char 
 Auto vars:     Size  Location     Type
  data            1    4[COMRAM] unsigned char 
 Return value:  Size  Location     Type
                  1    wreg      void 
 Registers used:
		wreg
 Tracked objects:
		On entry : 
		On exit  : 
		Unchanged: 
 Data sizes:     COMRAM   BANK0   BANK1   BANK2   BANK3   BANK4   BANK5   BANK6   BANK7   BANK8   BANK9  BANK10  BANK11  BANK12  BANK13  BANK14  BANK15
      Params:         0       0       0       0       0       0       0       0       0       0       0       0       0       0       0       0       0
      Locals:         1       0       0       0       0       0       0       0       0       0       0       0       0       0       0       0       0
      Temps:          0       0       0       0       0       0       0       0       0       0       0       0       0       0       0       0       0
      Totals:         1       0       0       0       0       0       0       0       0       0       0       0       0       0       0       0       0
Total ram usage:        1 bytes
 Hardware stack levels used:    1
 Hardware stack levels required when called:    1
 This function calls:
		Nothing
 This function is called by:
		_MSG_check
		_UART2_PutString
 This function uses a non-reentrant model


 *************** function _UART1PutString *****************
 Defined at:
		line 103 in file "./UART1.h"
 Parameters:    Size  Location     Type
  text            2    5[COMRAM] PTR unsigned char 
		 -> STR_75(21), STR_74(5), STR_73(9), STR_72(16), 
		 -> STR_71(10), STR_70(4), STR_69(10), STR_68(21), 
		 -> STR_67(5), STR_66(9), STR_65(15), STR_64(10), 
		 -> STR_63(4), STR_62(10), STR_61(21), STR_60(5), 
		 -> STR_59(9), STR_58(27), STR_57(10), STR_56(4), 
		 -> STR_55(10), STR_54(21), STR_53(5), STR_52(9), 
		 -> STR_51(4), STR_50(3), STR_49(10), STR_48(15), 
		 -> STR_47(10), STR_46(4), STR_45(10), STR_44(21), 
		 -> STR_43(5), STR_42(9), STR_41(19), STR_40(11), 
		 -> STR_39(10), STR_38(4), STR_37(10), STR_36(21), 
		 -> STR_35(3), RAM(3895), MSG_check@temp(10), string1(255), 
		 -> STR_33(12), STR_32(12), STR_31(6), STR_30(27), 
		 -> STR_29(27), STR_28(32), STR_27(32), STR_26(12), 
		 -> STR_25(12), STR_24(9), STR_23(9), STR_22(9), 
		 -> STR_21(9), STR_20(11), STR_19(11), STR_18(12), 
		 -> STR_17(12), STR_16(12), STR_15(12), STR_14(12), 
		 -> STR_13(12), STR_12(13), STR_11(13), STR_10(16), 
		 -> STR_9(16), STR_8(20), STR_7(20), STR_6(12), 
		 -> STR_5(12), STR_4(5), STR_3(16), STR_2(5), 
		 -> STR_1(11), 
  lenth           2    7[COMRAM] int 
 Auto vars:     Size  Location     Type
  i               2   11[COMRAM] int 
 Return value:  Size  Location     Type
                  1    wreg      void 
 Registers used:
		wreg, fsr1l, fsr1h, status,2, status,0, tblptrl, tblptrh, tblptru, cstack
 Tracked objects:
		On entry : 
		On exit  : 
		Unchanged: 
 Data sizes:     COMRAM   BANK0   BANK1   BANK2   BANK3   BANK4   BANK5   BANK6   BANK7   BANK8   BANK9  BANK10  BANK11  BANK12  BANK13  BANK14  BANK15
      Params:         4       0       0       0       0       0       0       0       0       0       0       0       0       0       0       0       0
      Locals:         2       0       0       0       0       0       0       0       0       0       0       0       0       0       0       0       0
      Temps:          2       0       0       0       0       0       0       0       0       0       0       0       0       0       0       0       0
      Totals:         8       0       0       0       0       0       0       0       0       0       0       0       0       0       0       0       0
Total ram usage:        8 bytes
 Hardware stack levels used:    1
 Hardware stack levels required when called:    2
 This function calls:
		_UART1PutChar
 This function is called by:
		_Modem_install
		_MSG_check
		_SIM_Provider_Name
 This function uses a non-reentrant model


 *************** function _UART1PutChar *****************
 Defined at:
		line 82 in file "./UART1.h"
 Parameters:    Size  Location     Type
  data            1    wreg     unsigned char 
 Auto vars:     Size  Location     Type
  data            1    4[COMRAM] unsigned char 
 Return value:  Size  Location     Type
                  1    wreg      void 
 Registers used:
		wreg
 Tracked objects:
		On entry : 
		On exit  : 
		Unchanged: 
 Data sizes:     COMRAM   BANK0   BANK1   BANK2   BANK3   BANK4   BANK5   BANK6   BANK7   BANK8   BANK9  BANK10  BANK11  BANK12  BANK13  BANK14  BANK15
      Params:         0       0       0       0       0       0       0       0       0       0       0       0       0       0       0       0       0
      Locals:         1       0       0       0       0       0       0       0       0       0       0       0       0       0       0       0       0
      Temps:          0       0       0       0       0       0       0       0       0       0       0       0       0       0       0       0       0
      Totals:         1       0       0       0       0       0       0       0       0       0       0       0       0       0       0       0       0
Total ram usage:        1 bytes
 Hardware stack levels used:    1
 Hardware stack levels required when called:    1
 This function calls:
		Nothing
 This function is called by:
		_UART1PutString
 This function uses a non-reentrant model


 *************** function _EEPROM_PutChar *****************
 Defined at:
		line 8 in file "./In_EEPROM.h"
 Parameters:    Size  Location     Type
  eepromAddres    2    4[COMRAM] int 
  eepromData      1    6[COMRAM] unsigned char 
 Auto vars:     Size  Location     Type
  gie_Status      1    7[COMRAM] unsigned char 
 Return value:  Size  Location     Type
                  1    wreg      void 
 Registers used:
		wreg, status,2, status,0
 Tracked objects:
		On entry : 
		On exit  : 
		Unchanged: 
 Data sizes:     COMRAM   BANK0   BANK1   BANK2   BANK3   BANK4   BANK5   BANK6   BANK7   BANK8   BANK9  BANK10  BANK11  BANK12  BANK13  BANK14  BANK15
      Params:         3       0       0       0       0       0       0       0       0       0       0       0       0       0       0       0       0
      Locals:         1       0       0       0       0       0       0       0       0       0       0       0       0       0       0       0       0
      Temps:          0       0       0       0       0       0       0       0       0       0       0       0       0       0       0       0       0
      Totals:         4       0       0       0       0       0       0       0       0       0       0       0       0       0       0       0       0
Total ram usage:        4 bytes
 Hardware stack levels used:    1
 Hardware stack levels required when called:    1
 This function calls:
		Nothing
 This function is called by:
		_MSG_check
		_EEPROM_WriteString
 This function uses a non-reentrant model


 *************** function _ISR *****************
 Defined at:
		line 7 in file "./ISR.h"
 Parameters:    Size  Location     Type
		None
 Auto vars:     Size  Location     Type
  c               1    3[COMRAM] unsigned char 
 Return value:  Size  Location     Type
                  1    wreg      void 
 Registers used:
		wreg, fsr2l, fsr2h, status,2, status,0
 Tracked objects:
		On entry : 
		On exit  : 
		Unchanged: 
 Data sizes:     COMRAM   BANK0   BANK1   BANK2   BANK3   BANK4   BANK5   BANK6   BANK7   BANK8   BANK9  BANK10  BANK11  BANK12  BANK13  BANK14  BANK15
      Params:         0       0       0       0       0       0       0       0       0       0       0       0       0       0       0       0       0
      Locals:         1       0       0       0       0       0       0       0       0       0       0       0       0       0       0       0       0
      Temps:          3       0       0       0       0       0       0       0       0       0       0       0       0       0       0       0       0
      Totals:         4       0       0       0       0       0       0       0       0       0       0       0       0       0       0       0       0
Total ram usage:        4 bytes
 Hardware stack levels used:    1
 This function calls:
		Nothing
 This function is called by:
		Interrupt level 2
 This function uses a non-reentrant model



MODULE INFORMATION

Module		Function		Class		Link	Load	Size
./System.h
		_Modem_install 		CODE           	10A4	0000	1153
		_SIM_Ready_Check		CODE           	235E	0000	125
		_MSG_check     		CODE           	00A6	0000	4095
		_SYS_Initialize		CODE           	224C	0000	147
		_receiver_check		CODE           	22DE	0000	129
		_clear_Buffer  		CODE           	26DC	0000	39

./System.h estimated size: 5688

./In_EEPROM.h
		_EEPROM_PutChar		CODE           	257E	0000	63

./In_EEPROM.h estimated size: 63

C:\Program Files (x86)\Microchip\xc8\v2.05\pic\sources\c99\common\putch.c
		_putch         		CODE           	271A	0000	3

C:\Program Files (x86)\Microchip\xc8\v2.05\pic\sources\c99\common\putch.c estimated size: 3

C:\Program Files (x86)\Microchip\xc8\v2.05\pic\sources\c99\common\nf_fputc.c
		_fputc         		CODE           	1FEA	0000	161

C:\Program Files (x86)\Microchip\xc8\v2.05\pic\sources\c99\common\nf_fputc.c estimated size: 161

./UART1.h
		_UART1_Init    		CODE           	2120	0000	151
		_UART1PutChar  		CODE           	270E	0000	13
		_UART1PutString		CODE           	2498	0000	87

./UART1.h estimated size: 251

./ISR.h
		_ISR           		CODE           	0008	0000	155

./ISR.h estimated size: 155

C:\Program Files (x86)\Microchip\xc8\v2.05\pic\sources\c99\common\aodiv.c
		___aodiv       		CODE           	1A40	0000	329

C:\Program Files (x86)\Microchip\xc8\v2.05\pic\sources\c99\common\aodiv.c estimated size: 329

C:\Program Files (x86)\Microchip\xc8\v2.05\pic\sources\c99\common\strlen.c
		_strlen        		CODE           	268C	0000	43

C:\Program Files (x86)\Microchip\xc8\v2.05\pic\sources\c99\common\strlen.c estimated size: 43

C:\Program Files (x86)\Microchip\xc8\v2.05\pic\sources\c99\common\isspace.c
		_isspace       		CODE           	2540	0000	63

C:\Program Files (x86)\Microchip\xc8\v2.05\pic\sources\c99\common\isspace.c estimated size: 63

C:\Program Files (x86)\Microchip\xc8\v2.05\pic\sources\c99\common\memset.c
		_memset        		CODE           	1CC8	0000	307

C:\Program Files (x86)\Microchip\xc8\v2.05\pic\sources\c99\common\memset.c estimated size: 307

C:\Program Files (x86)\Microchip\xc8\v2.05\pic\sources\c99\common\aldiv.c
		___aldiv       		CODE           	1F1E	0000	205

C:\Program Files (x86)\Microchip\xc8\v2.05\pic\sources\c99\common\aldiv.c estimated size: 205

C:\Program Files (x86)\Microchip\xc8\v2.05\pic\sources\c99\common\doprnt.c
		_vfpfcnvrt     		CODE           	1524	0000	729
		_pad           		CODE           	21B6	0000	151
		_dtoa          		CODE           	17FC	0000	581
		_vfprintf      		CODE           	2442	0000	87

C:\Program Files (x86)\Microchip\xc8\v2.05\pic\sources\c99\common\doprnt.c estimated size: 1548

shared
		__initialization		CODE           	23DA	0000	91

shared estimated size: 91

C:\Program Files (x86)\Microchip\xc8\v2.05\pic\sources\c99\common\nf_sprintf.c
		_sprintf       		CODE           	24EE	0000	83

C:\Program Files (x86)\Microchip\xc8\v2.05\pic\sources\c99\common\nf_sprintf.c estimated size: 83

C:\Program Files (x86)\Microchip\xc8\v2.05\pic\sources\c99\common\Umul16.c
		___wmul        		CODE           	26B6	0000	39

C:\Program Files (x86)\Microchip\xc8\v2.05\pic\sources\c99\common\Umul16.c estimated size: 39

C:\Program Files (x86)\Microchip\xc8\v2.05\pic\sources\c99\common\atoi.c
		_atoi          		CODE           	1B88	0000	321

C:\Program Files (x86)\Microchip\xc8\v2.05\pic\sources\c99\common\atoi.c estimated size: 321

./UART2.h
		_UART2_PutChar 		CODE           	2702	0000	13
		_UART2_Init    		CODE           	208A	0000	151

./UART2.h estimated size: 164

C:\Program Files (x86)\Microchip\xc8\v2.05\pic\sources\c99\common\abs.c
		_abs           		CODE           	262A	0000	51

C:\Program Files (x86)\Microchip\xc8\v2.05\pic\sources\c99\common\abs.c estimated size: 51

C:\Program Files (x86)\Microchip\xc8\v2.05\pic\sources\c99\common\nf_fputs.c
		_fputs         		CODE           	25BC	0000	57

C:\Program Files (x86)\Microchip\xc8\v2.05\pic\sources\c99\common\nf_fputs.c estimated size: 57

main.c
		_main          		CODE           	25F4	0000	55

main.c estimated size: 55

C:\Program Files (x86)\Microchip\xc8\v2.05\pic\sources\c99\common\isdigit.c
		_isdigit       		CODE           	265C	0000	49

C:\Program Files (x86)\Microchip\xc8\v2.05\pic\sources\c99\common\isdigit.c estimated size: 49

C:\Program Files (x86)\Microchip\xc8\v2.05\pic\sources\c99\common\aomod.c
		___aomod       		CODE           	1DFA	0000	293

C:\Program Files (x86)\Microchip\xc8\v2.05\pic\sources\c99\common\aomod.c estimated size: 293

